14:30:57.877 [Thread-1] INFO  com.example.ExecutionHooks Creating new ExecutionHooks...
14:30:57.880 [Thread-1] INFO  com.example.ExecutionHooks In BeforeSuite...
14:30:59.146 [Thread-1] INFO  io.github.bonigarcia.wdm.BrowserManager Reading https://api.github.com/repos/mozilla/geckodriver/releases to seek [wires, geckodriver]
14:30:59.288 [Thread-1] INFO  io.github.bonigarcia.wdm.BrowserManager Latest version of [wires, geckodriver] is 0.29.1
14:30:59.300 [Thread-1] INFO  io.github.bonigarcia.wdm.BrowserManager Exporting webdriver.gecko.driver as C:\Users\IS97551\.m2\repository\webdriver\geckodriver\win64\0.29.1\geckodriver.exe
14:31:14.645 [Thread-1] INFO  com.example.ExecutionHooks In BeforeSpec...
14:31:14.930 [Thread-1] INFO  io.github.bonigarcia.wdm.BrowserManager Reading https://api.github.com/repos/mozilla/geckodriver/releases to seek [wires, geckodriver]
14:31:15.066 [Thread-1] INFO  io.github.bonigarcia.wdm.BrowserManager Latest version of [wires, geckodriver] is 0.29.1
14:31:15.068 [Thread-1] INFO  io.github.bonigarcia.wdm.BrowserManager Exporting webdriver.gecko.driver as C:\Users\IS97551\.m2\repository\webdriver\geckodriver\win64\0.29.1\geckodriver.exe
14:31:20.455 [Thread-1] INFO  com.example.ExecutionHooks Created and stored web driver
14:31:20.460 [Thread-1] INFO  com.example.ExecutionHooks In BeforeScenario...
14:31:20.460 [Thread-1] INFO  com.example.ExecutionHooks About to run HB_TS_002_SMK Hepsiburada is Product Category
14:31:20.463 [Thread-1] INFO  com.example.ExecutionHooks In BeforeStep...
14:31:20.769 [Thread-1] INFO  io.github.bonigarcia.wdm.BrowserManager Reading https://api.github.com/repos/mozilla/geckodriver/releases to seek [wires, geckodriver]
14:31:20.878 [Thread-1] INFO  io.github.bonigarcia.wdm.BrowserManager Latest version of [wires, geckodriver] is 0.29.1
14:31:20.880 [Thread-1] INFO  io.github.bonigarcia.wdm.BrowserManager Exporting webdriver.gecko.driver as C:\Users\IS97551\.m2\repository\webdriver\geckodriver\win64\0.29.1\geckodriver.exe
14:31:51.980 [Thread-1] INFO  com.example.ExecutionHooks In AfterStep...
14:31:51.981 [Thread-1] INFO  com.example.ExecutionHooks In BeforeStep...
14:32:12.576 [Thread-1] INFO  com.example.ExecutionHooks In AfterStep...
14:32:12.821 [Thread-1] INFO  com.example.ExecutionHooks In AfterScenario...
14:32:12.822 [Thread-1] INFO  com.example.ExecutionHooks Completed running HB_TS_002_SMK Hepsiburada is Product Category
14:32:12.824 [Thread-1] INFO  com.example.ExecutionHooks In AfterSpec...
14:32:13.880 [Thread-1] INFO  com.example.ExecutionHooks Shutdown and removed web driver
14:32:15.508 [Thread-1] INFO  com.example.ExecutionHooks Creating new ExecutionHooks...
14:32:15.508 [Thread-1] INFO  com.example.ExecutionHooks In AfterSuite...
